
> project-owner-portal@0.1.0 build
> next build

